Starting a Gradle Daemon (subsequent builds will be faster)

> Configure project :
Fabric Loom: 1.14.10

Cannot remap modifiers because it does not exists in any of the targets [] or their parents.

> Task :compileJava
Note: /home/runner/work/SigTermClient/SigTermClient/src/main/java/com/sigterm/SigTermClient.java uses or overrides a deprecated API.
Note: Recompile with -Xlint:deprecation for details.

> Task :processResources
> Task :classes
> Task :jar
> Task :processIncludeJars
> Task :compileTestJava NO-SOURCE
> Task :processTestResources NO-SOURCE
> Task :testClasses UP-TO-DATE
> Task :test NO-SOURCE
> Task :validateAccessWidener NO-SOURCE
> Task :check UP-TO-DATE
> Task :remapJar
> Task :remapSourcesJar SKIPPED
> Task :assemble
> Task :build
gradle/actions: Writing build results to /home/runner/work/_temp/.gradle-actions/build-results/__run-1777209642817.json

[Incubating] Problems report is available at: file:///home/runner/work/SigTermClient/SigTermClient/build/reports/problems/problems-report.html

Deprecated Gradle features were used in this build, making it incompatible with Gradle 10.

You can use '--warning-mode all' to show the individual deprecation warnings and determine if they come from your own scripts or plugins.

For more on this, please refer to https://docs.gradle.org/9.2.1/userguide/command_line_interface.html#sec:command_line_warnings in the Gradle documentation.

BUILD SUCCESSFUL in 20s
5 actionable tasks: 5 executed
